// Jest Snapshot v1, https://goo.gl/fbAQLP

exports[`duration display should render { value: 1 } 1`] = `"<span>1 second</span>"`;

exports[`duration display should render { value: 60 } 1`] = `"<span>1 minute</span>"`;

exports[`duration display should render {} 1`] = `"<span>0 seconds</span>"`;
